// Jest Snapshot v1, https://goo.gl/fbAQLP

exports[`Stability Monitor monitor constructor init with the correct props and calls initialize method 1`] = `
StabilityMonitor {
  "durationThreshold": 2,
  "emitter": EventEmitter {
    "events": Object {},
  },
  "interval": 5000,
  "requestThreshold": 2000,
  "resource": "URL",
}
`;
